../Core/Src/main.c:44:6:inicio	8	static
../Core/Src/main.c:51:6:motor_cerrar	8	static
../Core/Src/main.c:57:6:motor_abrir	8	static
../Core/Src/main.c:63:6:motor_paro	8	static
../Core/Src/main.c:69:6:iniciar_tim	8	static
../Core/Src/main.c:75:6:parar_tim	8	static
../Core/Src/main.c:80:6:MDE	24	static
../Core/Src/main.c:187:6:HAL_TIM_PeriodElapsedCallback	16	static
../Core/Src/main.c:224:5:main	8	static
../Core/Src/main.c:270:6:SystemClock_Config	96	static
../Core/Src/main.c:320:13:MX_TIM2_Init	40	static
../Core/Src/main.c:365:13:MX_TIM3_Init	40	static
../Core/Src/main.c:410:13:MX_USART2_UART_Init	8	static
../Core/Src/main.c:445:13:MX_GPIO_Init	48	static
../Core/Src/main.c:513:6:Error_Handler	4	static,ignoring_inline_asm
